
> talktoemily@0.1.0 build
> next build

Γû▓ Next.js 16.1.4 (Turbopack)
- Environments: .env.local

  Creating an optimized production build ...
Γ£ô Compiled successfully in 35.0s
  Running TypeScript ...
node.exe : Failed to compile.
At line:1 char:1
+ & "C:\Program Files\nodejs/node.exe" "C:\Program Files\nodejs/node_mo ...
+ ~~~~~~~~~~~~~~~~~~~~~~~~~~~~~~~~~~~~~~~~~~~~~~~~~~~~~~~~~~~~~~~~~~~~~
    + CategoryInfo          : NotSpecified: (Failed to compile.:String) [], RemoteException
    + FullyQualifiedErrorId : NativeCommandError
 

./app/api/superadmin/organizations/[id]/grant-plan/route.ts:102:86
Type error: Property 'id' does not exist on type 'never'.

[0m [90m 100 |[39m
 [90m 101 |[39m         [36mif[39m (botsToReactivate [33m>[39m [35m0[39m) {
[31m[1m>[22m[39m[90m 102 |[39m           [36mconst[39m idsToReactivate [33m=[39m 
inactiveBots[33m.[39mslice([35m0[39m[33m,[39m botsToReactivate)[33m.[39mmap(b [33m=>[39m 
b[33m.[39mid)[33m;[39m
 [90m     |[39m                                                                                      
[31m[1m^[22m[39m
 [90m 103 |[39m           
 [90m 104 |[39m           [36mawait[39m (serviceSupabase
 [90m 105 |[39m             [33m.[39m[36mfrom[39m([32m'websites'[39m) [36mas[39m any)[0m
Next.js build worker exited with code: 1 and signal: null
